// Jest Snapshot v1, https://goo.gl/fbAQLP

exports[`SchemaForm üòä SchemaForm support columns 1`] = `
<form
  autocomplete="off"
  class="ant-form ant-form-vertical"
>
  <input
    style="display: none;"
    type="text"
  />
  <div
    class="ant-row ant-form-item"
  >
    <div
      class="ant-col ant-form-item-label"
    >
      <label
        class=""
        for="title"
        title="Ê†áÈ¢ò"
      >
        Ê†áÈ¢ò
      </label>
    </div>
    <div
      class="ant-col ant-form-item-control"
    >
      <div
        class="ant-form-item-control-input"
      >
        <div
          class="ant-form-item-control-input-content"
        >
          <span
            class="ant-input-affix-wrapper"
            style="width: 200px;"
          >
            <input
              class="ant-input"
              id="title"
              placeholder="ËØ∑ËæìÂÖ•"
              type="text"
              value=""
            />
            <span
              class="ant-input-suffix"
            >
              <span
                class="ant-input-clear-icon ant-input-clear-icon-hidden"
                role="button"
                tabindex="-1"
              >
                <span
                  aria-label="close-circle"
                  class="anticon anticon-close-circle"
                  role="img"
                >
                  <svg
                    aria-hidden="true"
                    data-icon="close-circle"
                    fill="currentColor"
                    focusable="false"
                    height="1em"
                    viewBox="64 64 896 896"
                    width="1em"
                  >
                    <path
                      d="M512 64C264.6 64 64 264.6 64 512s200.6 448 448 448 448-200.6 448-448S759.4 64 512 64zm165.4 618.2l-66-.3L512 563.4l-99.3 118.4-66.1.3c-4.4 0-8-3.5-8-8 0-1.9.7-3.7 1.9-5.2l130.1-155L340.5 359a8.32 8.32 0 01-1.9-5.2c0-4.4 3.6-8 8-8l66.1.3L512 464.6l99.3-118.4 66-.3c4.4 0 8 3.5 8 8 0 1.9-.7 3.7-1.9 5.2L553.5 514l130 155c1.2 1.5 1.9 3.3 1.9 5.2 0 4.4-3.6 8-8 8z"
                    />
                  </svg>
                </span>
              </span>
            </span>
          </span>
        </div>
      </div>
    </div>
  </div>
  <div
    class="ant-row ant-form-item"
  >
    <div
      class="ant-col ant-form-item-label"
    >
      <label
        class=""
        for="state"
        title="ÂàóË°®Áä∂ÊÄÅ"
      >
        ÂàóË°®Áä∂ÊÄÅ
      </label>
    </div>
    <div
      class="ant-col ant-form-item-control"
    >
      <div
        class="ant-form-item-control-input"
      >
        <div
          class="ant-form-item-control-input-content"
        >
          <div
            class="ant-select ant-pro-filed-search-select ant-select-single ant-select-allow-clear ant-select-show-arrow"
            style="min-width: 100px;"
          >
            <div
              class="ant-select-selector"
            >
              <span
                class="ant-select-selection-search"
              >
                <input
                  aria-activedescendant="state_list_0"
                  aria-autocomplete="list"
                  aria-controls="state_list"
                  aria-haspopup="listbox"
                  aria-owns="state_list"
                  autocomplete="off"
                  class="ant-select-selection-search-input"
                  id="state"
                  readonly=""
                  role="combobox"
                  style="opacity: 0;"
                  type="search"
                  unselectable="on"
                  value=""
                />
              </span>
              <span
                class="ant-select-selection-item"
                title="ÂÖ®ÈÉ®"
              >
                ÂÖ®ÈÉ®
              </span>
            </div>
            <span
              aria-hidden="true"
              class="ant-select-arrow"
              style="user-select: none;"
              unselectable="on"
            >
              <span
                aria-label="arrow-down"
                class="anticon anticon-arrow-down ant-select-suffix"
                role="img"
              >
                <svg
                  aria-hidden="true"
                  data-icon="arrow-down"
                  fill="currentColor"
                  focusable="false"
                  height="1em"
                  viewBox="0 0 16 16"
                  width="1em"
                >
                  <path
                    d="M8.25 9.19L4.28 5.22a.75.75 0 00-1.06 1.06l4.5 4.5c.3.3.77.3 1.06 0l4.5-4.5a.75.75 0 00-1.06-1.06L8.25 9.19z"
                  />
                </svg>
              </span>
            </span>
            <span
              aria-hidden="true"
              class="ant-select-clear"
              style="user-select: none;"
              unselectable="on"
            >
              <span
                aria-label="close-fullfiled"
                class="anticon anticon-close-fullfiled"
                role="img"
              >
                <svg
                  aria-hidden="true"
                  data-icon="close-fullfiled"
                  fill="currentColor"
                  focusable="false"
                  height="1em"
                  viewBox="0 0 16 16"
                  width="1em"
                >
                  <path
                    d="M8 1a7 7 0 110 14A7 7 0 018 1zm0 6.3L5.88 5.16a.5.5 0 00-.77.64l.06.07L7.3 8l-2.12 2.12a.5.5 0 00.64.77l.07-.06L8 8.7l2.12 2.12a.5.5 0 00.77-.64l-.06-.07L8.7 8l2.12-2.12a.5.5 0 00-.64-.77l-.07.06L8 7.3 5.88 5.17 8 7.3z"
                  />
                </svg>
              </span>
            </span>
          </div>
        </div>
      </div>
    </div>
  </div>
  <div
    class="ant-row ant-form-item"
  >
    <div
      class="ant-col ant-form-item-label"
    >
      <label
        class=""
        for="direction"
        title="ÊéíÂ∫èÊñπÂºè"
      >
        ÊéíÂ∫èÊñπÂºè
      </label>
    </div>
    <div
      class="ant-col ant-form-item-control"
    >
      <div
        class="ant-form-item-control-input"
      >
        <div
          class="ant-form-item-control-input-content"
        >
          <div
            class="ant-select ant-pro-filed-search-select ant-select-single ant-select-allow-clear ant-select-show-arrow"
            style="min-width: 100px;"
          >
            <div
              class="ant-select-selector"
            >
              <span
                class="ant-select-selection-search"
              >
                <input
                  aria-activedescendant="direction_list_0"
                  aria-autocomplete="list"
                  aria-controls="direction_list"
                  aria-haspopup="listbox"
                  aria-owns="direction_list"
                  autocomplete="off"
                  class="ant-select-selection-search-input"
                  id="direction"
                  readonly=""
                  role="combobox"
                  style="opacity: 0;"
                  type="search"
                  unselectable="on"
                  value=""
                />
              </span>
              <span
                class="ant-select-selection-placeholder"
              >
                ËØ∑ÈÄâÊã©
              </span>
            </div>
            <span
              aria-hidden="true"
              class="ant-select-arrow"
              style="user-select: none;"
              unselectable="on"
            >
              <span
                aria-label="arrow-down"
                class="anticon anticon-arrow-down ant-select-suffix"
                role="img"
              >
                <svg
                  aria-hidden="true"
                  data-icon="arrow-down"
                  fill="currentColor"
                  focusable="false"
                  height="1em"
                  viewBox="0 0 16 16"
                  width="1em"
                >
                  <path
                    d="M8.25 9.19L4.28 5.22a.75.75 0 00-1.06 1.06l4.5 4.5c.3.3.77.3 1.06 0l4.5-4.5a.75.75 0 00-1.06-1.06L8.25 9.19z"
                  />
                </svg>
              </span>
            </span>
          </div>
        </div>
      </div>
    </div>
  </div>
  <div
    class="ant-row ant-form-item"
  >
    <div
      class="ant-col ant-form-item-label"
    >
      <label
        class=""
        for="since"
        title="ÂàõÂª∫Êó∂Èó¥"
      >
        ÂàõÂª∫Êó∂Èó¥
      </label>
    </div>
    <div
      class="ant-col ant-form-item-control"
    >
      <div
        class="ant-form-item-control-input"
      >
        <div
          class="ant-form-item-control-input-content"
        >
          <div
            class="ant-picker"
          >
            <div
              class="ant-picker-input"
            >
              <input
                autocomplete="off"
                id="since"
                placeholder="ËØ∑ÈÄâÊã©"
                readonly=""
                size="21"
                title=""
                value=""
              />
              <span
                class="ant-picker-suffix"
              >
                <span
                  aria-label="calendar"
                  class="anticon anticon-calendar"
                  role="img"
                >
                  <svg
                    aria-hidden="true"
                    data-icon="calendar"
                    fill="currentColor"
                    focusable="false"
                    height="1em"
                    viewBox="64 64 896 896"
                    width="1em"
                  >
                    <path
                      d="M880 184H712v-64c0-4.4-3.6-8-8-8h-56c-4.4 0-8 3.6-8 8v64H384v-64c0-4.4-3.6-8-8-8h-56c-4.4 0-8 3.6-8 8v64H144c-17.7 0-32 14.3-32 32v664c0 17.7 14.3 32 32 32h736c17.7 0 32-14.3 32-32V216c0-17.7-14.3-32-32-32zm-40 656H184V460h656v380zM184 392V256h128v48c0 4.4 3.6 8 8 8h56c4.4 0 8-3.6 8-8v-48h256v48c0 4.4 3.6 8 8 8h56c4.4 0 8-3.6 8-8v-48h128v136H184z"
                    />
                  </svg>
                </span>
              </span>
            </div>
          </div>
        </div>
      </div>
    </div>
  </div>
  <div
    class="ant-space ant-space-horizontal ant-space-align-center"
    style="flex-wrap: wrap; margin-bottom: -16px;"
  >
    <div
      class="ant-space-item"
      style="margin-right: 16px; padding-bottom: 16px;"
    >
      <button
        class="ant-btn ant-btn-primary"
        type="button"
      >
        <span>
          Êèê ‰∫§
        </span>
      </button>
    </div>
    <div
      class="ant-space-item"
      style="padding-bottom: 16px;"
    >
      <button
        class="ant-btn ant-btn-default"
        type="button"
      >
        <span>
          Èáç ÁΩÆ
        </span>
      </button>
    </div>
  </div>
</form>
`;
