// Jest Snapshot v1, https://goo.gl/fbAQLP

exports[`descriptions üèä‚Äç‚ôÇÔ∏è ProDescriptions support order 1`] = `
<div
  class="ant-descriptions ant-pro-descriptions"
>
  <div
    class="ant-descriptions-view"
  >
    <table>
      <tbody>
        <tr
          class="ant-descriptions-row"
        >
          <td
            class="ant-descriptions-item"
            colspan="1"
          >
            <div
              class="ant-descriptions-item-container"
            >
              <span
                class="ant-descriptions-item-label"
              >
                Ê†áÈ¢ò
              </span>
              <span
                class="ant-descriptions-item-content"
              >
                test
              </span>
            </div>
          </td>
          <td
            class="ant-descriptions-item"
            colspan="1"
          >
            <div
              class="ant-descriptions-item-container"
            >
              <span
                class="ant-descriptions-item-label"
              >
                ËøõÂ∫¶Êù°1
              </span>
              <span
                class="ant-descriptions-item-content"
              >
                <div
                  class="ant-progress ant-progress-line ant-progress-status-active ant-progress-show-info ant-progress-small"
                  style="min-width: 100px; max-width: 320px;"
                >
                  <div
                    class="ant-progress-outer"
                  >
                    <div
                      class="ant-progress-inner"
                    >
                      <div
                        class="ant-progress-bg"
                        style="width: 40%; height: 6px;"
                      />
                    </div>
                  </div>
                  <span
                    class="ant-progress-text"
                    title="40%"
                  >
                    40%
                  </span>
                </div>
              </span>
            </div>
          </td>
          <td
            class="ant-descriptions-item"
            colspan="1"
          >
            <div
              class="ant-descriptions-item-container"
            >
              <span
                class="ant-descriptions-item-label"
              >
                ËøõÂ∫¶Êù°3
              </span>
              <span
                class="ant-descriptions-item-content"
              >
                <div
                  class="ant-progress ant-progress-line ant-progress-status-success ant-progress-show-info ant-progress-small"
                  style="min-width: 100px; max-width: 320px;"
                >
                  <div
                    class="ant-progress-outer"
                  >
                    <div
                      class="ant-progress-inner"
                    >
                      <div
                        class="ant-progress-bg"
                        style="width: 100%; height: 6px;"
                      />
                    </div>
                  </div>
                  <span
                    class="ant-progress-text"
                  >
                    <span
                      aria-label="success-filled"
                      class="anticon anticon-success-filled"
                      role="img"
                    >
                      <svg
                        aria-hidden="true"
                        data-icon="success-filled"
                        fill="currentColor"
                        focusable="false"
                        height="1em"
                        viewBox="0 0 16 16"
                        width="1em"
                      >
                        <path
                          d="M8 1a7 7 0 110 14A7 7 0 018 1zm3.15 4.93L7.1 9.98 4.85 7.73a.5.5 0 10-.7.71l2.6 2.6c.19.2.5.2.7 0l4.4-4.4a.5.5 0 00-.7-.71z"
                        />
                      </svg>
                    </span>
                  </span>
                </div>
              </span>
            </div>
          </td>
        </tr>
        <tr
          class="ant-descriptions-row"
        >
          <td
            class="ant-descriptions-item"
            colspan="3"
          >
            <div
              class="ant-descriptions-item-container"
            >
              <span
                class="ant-descriptions-item-label"
              >
                ËøõÂ∫¶Êù°2
              </span>
              <span
                class="ant-descriptions-item-content"
              >
                <div
                  class="ant-progress ant-progress-line ant-progress-status-exception ant-progress-show-info ant-progress-small"
                  style="min-width: 100px; max-width: 320px;"
                >
                  <div
                    class="ant-progress-outer"
                  >
                    <div
                      class="ant-progress-inner"
                    >
                      <div
                        class="ant-progress-bg"
                        style="width: 0%; height: 6px;"
                      />
                    </div>
                  </div>
                  <span
                    class="ant-progress-text"
                  >
                    <span
                      aria-label="close-fullfiled"
                      class="anticon anticon-close-fullfiled"
                      role="img"
                    >
                      <svg
                        aria-hidden="true"
                        data-icon="close-fullfiled"
                        fill="currentColor"
                        focusable="false"
                        height="1em"
                        viewBox="0 0 16 16"
                        width="1em"
                      >
                        <path
                          d="M8 1a7 7 0 110 14A7 7 0 018 1zm0 6.3L5.88 5.16a.5.5 0 00-.77.64l.06.07L7.3 8l-2.12 2.12a.5.5 0 00.64.77l.07-.06L8 8.7l2.12 2.12a.5.5 0 00.77-.64l-.06-.07L8.7 8l2.12-2.12a.5.5 0 00-.64-.77l-.07.06L8 7.3 5.88 5.17 8 7.3z"
                        />
                      </svg>
                    </span>
                  </span>
                </div>
              </span>
            </div>
          </td>
        </tr>
      </tbody>
    </table>
  </div>
</div>
`;
